[10/10/2026-13:07:25] [TRT] [W] Functionality provided through tensorrt.plugin module is experimental.
/usr/lib/python3.12/dist-packages/tensorrt/plugin/_lib.py:620: SyntaxWarning: invalid escape sequence '\s'
  """
/usr/lib/python3.12/dist-packages/tensorrt/plugin/_tensor.py:145: SyntaxWarning: invalid escape sequence '\s'
  """
/usr/lib/python3.12/dist-packages/tensorrt/plugin/_tensor.py:293: SyntaxWarning: invalid escape sequence '\s'
  """
/usr/lib/python3.12/dist-packages/tensorrt/plugin/_tensor.py:425: SyntaxWarning: invalid escape sequence '\s'
  """
/usr/lib/python3.12/dist-packages/tensorrt/plugin/_tensor.py:486: SyntaxWarning: invalid escape sequence '\s'
  """
/usr/lib/python3.12/dist-packages/tensorrt/plugin/_tensor.py:943: SyntaxWarning: invalid escape sequence '\s'
  """
/usr/lib/python3.12/dist-packages/tensorrt/plugin/_top_level.py:28: SyntaxWarning: invalid escape sequence '\s'
  """
/usr/lib/python3.12/dist-packages/tensorrt/plugin/_top_level.py:52: SyntaxWarning: invalid escape sequence '\s'
  """
/usr/lib/python3.12/dist-packages/tensorrt/plugin/_top_level.py:76: SyntaxWarning: invalid escape sequence '\s'
  """
BUILT trt-attention 10.039409875869751
